Microchip MPLAB XC8 Compiler V1.38 ()

Linker command line:

-W-3 --edf=C:\Program Files (x86)\Microchip\xc8\v1.38\dat\en_msgs.txt -cs \
  -h+dist/default/production\MPLABX_HellowWorld.production.sym \
  --cmf=dist/default/production\MPLABX_HellowWorld.production.cmf -z \
  -Q18F45K20 -oC:\Users\eriveiro\AppData\Local\Temp\s8q4.2 \
  -Mdist/default/production/MPLABX_HellowWorld.production.map -E1 -ver=XC8 \
  --acfsm=1493 -ASTACK=060h-05ffh -pstack=STACK -ACODE=00h-07FFFh \
  -ACONST=00h-07FFFh -ASMALLCONST=0600h-06FFhx122 \
  -AMEDIUMCONST=0600h-07FFFh -ACOMRAM=01h-05Fh -AABS1=00h-05FFh \
  -ABIGRAM=01h-05FFh -ARAM=060h-0FFh,0100h-01FFhx5 -ABANK0=060h-0FFh \
  -ABANK1=0100h-01FFh -ABANK2=0200h-02FFh -ABANK3=0300h-03FFh \
  -ABANK4=0400h-04FFh -ABANK5=0500h-05FFh -ASFR=0F60h-0FFFh \
  -preset_vec=00h,intcode=08h,intcodelo=018h,powerup,init,end_init \
  -pramtop=0600h -psmallconst=SMALLCONST -pmediumconst=MEDIUMCONST \
  -pconst=CONST -AFARRAM=00h-00h -ACONFIG=0300000h-030000Dh -pconfig=CONFIG \
  -AIDLOC=0200000h-0200007h -pidloc=IDLOC -AEEDATA=0F00000h-0F000FFh \
  -peeprom_data=EEDATA \
  -prdata=COMRAM,nvrram=COMRAM,nvbit=COMRAM,rbss=COMRAM,rbit=COMRAM \
  -pfarbss=FARRAM,fardata=FARRAM,nvFARRAM=FARRAM \
  -pintsave_regs=BIGRAM,bigbss=BIGRAM,bigdata=BIGRAM -pbss=RAM \
  -pidata=CODE,irdata=CODE,ibigdata=CODE,ifardata=CODE -prparam=COMRAM \
  C:\Users\eriveiro\AppData\Local\Temp\s8q4.obj \
  dist/default/production\MPLABX_HellowWorld.production.obj 

Object code version is 3.11

Machine type is 18F45K20

Call graph: (short form)




                Name                               Link     Load   Length Selector   Space Scale
C:\Users\eriveiro\AppData\Local\Temp\s8q4.obj
                end_init                            134      134        4        C       0
                reset_vec                             0        0        4        0       0
                idloc                            200000   200000        8   200000       0
                config                           300000   300000        E   300000       0
dist/default/production\MPLABX_HellowWorld.production.obj
                intcodelo                            18       18      11C        C       0
                intcode                               8        8        E        4       0
                temp                                 2E       2E        1        1       1
                intcode_body                        138      138       78        C       0
                text13                              2C2      2C2        6        C       0
                text12                              2BC      2BC        6        C       0
                text11                              1E4      1E4       2A        C       0
                text10                              286      286        C        C       0
                text9                               2A6      2A6        A        C       0
                text8                               29C      29C        A        C       0
                text7                               292      292        A        C       0
                text6                               242      242       18        C       0
                text5                               20E      20E       1C        C       0
                text4                               2B6      2B6        6        C       0
                text3                               2B0      2B0        6        C       0
                text2                               270      270       16        C       0
                text1                               1B0      1B0       34        C       0
                text0                               22A      22A       18        C       0
                cstackCOMRAM                          1        1       27        1       1
                bssCOMRAM                            28       28        6        1       1
                cinit                               25A      25A       16        C       0

TOTAL           Name                               Link     Load   Length     Space
        CLASS   STACK          

        CLASS   CODE           
                end_init                            134      134        4         0
                intcodelo                            18       18      11C         0
                intcode                               8        8        E         0
                reset_vec                             0        0        4         0
                intcode_body                        138      138       78         0
                text13                              2C2      2C2        6         0
                text12                              2BC      2BC        6         0
                text11                              1E4      1E4       2A         0
                text10                              286      286        C         0
                text9                               2A6      2A6        A         0
                text8                               29C      29C        A         0
                text7                               292      292        A         0
                text6                               242      242       18         0
                text5                               20E      20E       1C         0
                text4                               2B6      2B6        6         0
                text3                               2B0      2B0        6         0
                text2                               270      270       16         0
                text1                               1B0      1B0       34         0
                text0                               22A      22A       18         0
                cinit                               25A      25A       16         0

        CLASS   CONST          

        CLASS   SMALLCONST     

        CLASS   MEDIUMCONST    

        CLASS   COMRAM         
                temp                                 2E       2E        1         1
                cstackCOMRAM                          1        1       27         1
                bssCOMRAM                            28       28        6         1

        CLASS   ABS1           

        CLASS   BIGRAM         

        CLASS   RAM            

        CLASS   BANK0          

        CLASS   BANK1          

        CLASS   BANK2          

        CLASS   BANK3          

        CLASS   BANK4          

        CLASS   BANK5          

        CLASS   SFR            

        CLASS   FARRAM         

        CLASS   CONFIG         
                config                           300000   300000        E         0

        CLASS   IDLOC          
                idloc                            200000   200000        8         0

        CLASS   EEDATA         



SEGMENTS        Name                           Load    Length   Top    Selector   Space  Class

                reset_vec                      000000  000004  000004         0       0  CODE    
                cstackCOMRAM                   000001  00002E  00002F         1       1  COMRAM  
                intcode                        000008  00000E  000016         4       0  CODE    
                intcodelo                      000018  0002B0  0002C8         C       0  CODE    
                idloc                          200000  000008  200008    200000       0  IDLOC   
                config                         300000  00000E  30000E    300000       0  CONFIG  


UNUSED ADDRESS RANGES

        Name                Unused          Largest block    Delta
        BANK0            000060-0000FF               A0
        BANK1            000100-0001FF              100
        BANK2            000200-0002FF              100
        BANK3            000300-0003FF              100
        BANK4            000400-0004FF              100
        BANK5            000500-0005FF              100
        BIGRAM           00002F-0005FF              5D1
        CODE             000004-000007                4
                         000016-000017                2
                         0002C8-007FFF             7D38
        COMRAM           00002F-00005F               31
        CONST            000004-000007                4
                         000016-000017                2
                         0002C8-007FFF             7D38
        EEDATA           F00000-F000FF              100
        MEDIUMCONST      000600-007FFF             7A00
        RAM              000060-0005FF              100
        SFR              000F60-000FFF               A0
        SMALLCONST       000600-007FFF              100
        STACK            000060-0005FF              5A0

                                  Symbol Table

_ADCON0bits                              (abs)        000FC2
_ADCON1bits                              (abs)        000FC1
_ADCON2bits                              (abs)        000FC0
_ADRES                                   (abs)        000FC3
_ADRESH                                  (abs)        000FC4
_ADRESL                                  (abs)        000FC3
_ANSELH                                  (abs)        000F7F
_ANSELbits                               (abs)        000F7E
_CCP1CONbits                             (abs)        000FBD
_CCP2CONbits                             (abs)        000FBA
_CCPR1H                                  (abs)        000FBF
_CCPR1L                                  (abs)        000FBE
_CCPR2H                                  (abs)        000FBC
_CCPR2L                                  (abs)        000FBB
_INTCON2bits                             (abs)        000FF1
_INTCON3bits                             (abs)        000FF0
_INTCONbits                              (abs)        000FF2
_IPR1bits                                (abs)        000F9F
_PIE1bits                                (abs)        000F9D
_PIR1bits                                (abs)        000F9E
_PORTCbits                               (abs)        000F82
_PORTD                                   (abs)        000F83
_PR2                                     (abs)        000FCB
_RCONbits                                (abs)        000FD0
_T2CONbits                               (abs)        000FCA
_TMR2                                    (abs)        000FCC
_TRISAbits                               (abs)        000F92
_TRISBbits                               (abs)        000F93
_TRISCbits                               (abs)        000F94
_TRISD                                   (abs)        000F95
__CFG_FOSC$INTIO67                       (abs)        000000
__CFG_LVP$OFF                            (abs)        000000
__CFG_PBADEN$OFF                         (abs)        000000
__CFG_WDTEN$OFF                          (abs)        000000
__HRAM                                   (abs)        000000
__Habs1                                  abs1         000000
__Hbank0                                 bank0        000000
__Hbank1                                 bank1        000000
__Hbank2                                 bank2        000000
__Hbank3                                 bank3        000000
__Hbank4                                 bank4        000000
__Hbank5                                 bank5        000000
__Hbigbss                                bigbss       000000
__Hbigdata                               bigdata      000000
__Hbigram                                bigram       000000
__Hbss                                   bss          000000
__HbssCOMRAM                             bssCOMRAM    000000
__Hcinit                                 cinit        000000
__Hclrtext                               clrtext      000000
__Hcomram                                comram       000000
__Hconfig                                config       30000E
__Hconst                                 const        000000
__HcstackCOMRAM                          cstackCOMRAM 000000
__Hdata                                  data         000000
__Heeprom_data                           eeprom_data  000000
__Hend_init                              end_init     000138
__Hfarbss                                farbss       000000
__Hfardata                               fardata      000000
__Hibigdata                              ibigdata     000000
__Hidata                                 idata        000000
__Hidloc                                 idloc        200008
__Hifardata                              ifardata     000000
__Hinit                                  init         000134
__Hintcode                               intcode      000016
__Hintcode_body                          intcode_body 000000
__Hintcodelo                             intcodelo    000134
__Hintentry                              intentry     000000
__Hintret                                intret       000000
__Hintsave_regs                          intsave_regs 000000
__Hirdata                                irdata       000000
__Hmediumconst                           mediumconst  000000
__HnvFARRAM                              nvFARRAM     000000
__Hnvbit                                 nvbit        000000
__Hnvrram                                nvrram       000000
__Hparam                                 rparam       000000
__Hpowerup                               powerup      000134
__Hram                                   ram          000000
__Hramtop                                ramtop       000600
__Hrbit                                  rbit         000000
__Hrbss                                  rbss         000000
__Hrdata                                 rdata        000000
__Hreset_vec                             reset_vec    000004
__Hrparam                                rparam       000000
__Hsfr                                   sfr          000000
__Hsmallconst                            smallconst   000000
__Hspace_0                               (abs)        30000E
__Hspace_1                               (abs)        00002F
__Hspace_2                               (abs)        000000
__Hstack                                 stack        000000
__Hstruct                                struct       000000
__Htemp                                  temp         00002F
__Htext                                  text         000000
__Htext0                                 text0        000000
__Htext1                                 text1        000000
__Htext10                                text10       000000
__Htext11                                text11       000000
__Htext12                                text12       000000
__Htext13                                text13       000000
__Htext2                                 text2        000000
__Htext3                                 text3        000000
__Htext4                                 text4        000000
__Htext5                                 text5        000000
__Htext6                                 text6        000000
__Htext7                                 text7        000000
__Htext8                                 text8        000000
__Htext9                                 text9        000000
__LRAM                                   (abs)        000001
__Labs1                                  abs1         000000
__Lbank0                                 bank0        000000
__Lbank1                                 bank1        000000
__Lbank2                                 bank2        000000
__Lbank3                                 bank3        000000
__Lbank4                                 bank4        000000
__Lbank5                                 bank5        000000
__Lbigbss                                bigbss       000000
__Lbigdata                               bigdata      000000
__Lbigram                                bigram       000000
__Lbss                                   bss          000000
__LbssCOMRAM                             bssCOMRAM    000000
__Lcinit                                 cinit        000000
__Lclrtext                               clrtext      000000
__Lcomram                                comram       000000
__Lconfig                                config       300000
__Lconst                                 const        000000
__LcstackCOMRAM                          cstackCOMRAM 000000
__Ldata                                  data         000000
__Leeprom_data                           eeprom_data  000000
__Lend_init                              end_init     000134
__Lfarbss                                farbss       000000
__Lfardata                               fardata      000000
__Libigdata                              ibigdata     000000
__Lidata                                 idata        000000
__Lidloc                                 idloc        200000
__Lifardata                              ifardata     000000
__Linit                                  init         000134
__Lintcode                               intcode      000008
__Lintcode_body                          intcode_body 000000
__Lintcodelo                             intcodelo    000018
__Lintentry                              intentry     000000
__Lintret                                intret       000000
__Lintsave_regs                          intsave_regs 000000
__Lirdata                                irdata       000000
__Lmediumconst                           mediumconst  000000
__LnvFARRAM                              nvFARRAM     000000
__Lnvbit                                 nvbit        000000
__Lnvrram                                nvrram       000000
__Lparam                                 rparam       000000
__Lpowerup                               powerup      000134
__Lram                                   ram          000000
__Lramtop                                ramtop       000600
__Lrbit                                  rbit         000000
__Lrbss                                  rbss         000000
__Lrdata                                 rdata        000000
__Lreset_vec                             reset_vec    000000
__Lrparam                                rparam       000000
__Lsfr                                   sfr          000000
__Lsmallconst                            smallconst   000000
__Lspace_0                               (abs)        000000
__Lspace_1                               (abs)        000000
__Lspace_2                               (abs)        000000
__Lstack                                 stack        000000
__Lstruct                                struct       000000
__Ltemp                                  temp         00002E
__Ltext                                  text         000000
__Ltext0                                 text0        000000
__Ltext1                                 text1        000000
__Ltext10                                text10       000000
__Ltext11                                text11       000000
__Ltext12                                text12       000000
__Ltext13                                text13       000000
__Ltext2                                 text2        000000
__Ltext3                                 text3        000000
__Ltext4                                 text4        000000
__Ltext5                                 text5        000000
__Ltext6                                 text6        000000
__Ltext7                                 text7        000000
__Ltext8                                 text8        000000
__Ltext9                                 text9        000000
__S0                                     (abs)        30000E
__S1                                     (abs)        00002F
__S2                                     (abs)        000000
___inthi_sp                              stack        000000
___intlo_sp                              stack        000000
___param_bank                            (abs)        000010
___rparam_used                           (abs)        000001
___sp                                    stack        000000
__accesstop                              (abs)        000060
__activetblptr                           (abs)        000000
__end_of__initialization                 cinit        000266
__end_of_inicializaAN0_I                 text13       0002C8
__end_of_inicializaAN1_I                 text12       0002C2
__end_of_inicializaAnalogicas            text11       00020E
__end_of_inicializaGlobalRB_I_Int        text10       000292
__end_of_inicializaManipuladorMagnetico  text1        0001E4
__end_of_inicializaRB0_I                 text9        0002B0
__end_of_inicializaRB1_I                 text8        0002A6
__end_of_inicializaRB2_I                 text7        00029C
__end_of_inicializaRC1_PWM               text6        00025A
__end_of_inicializaRC2_PWM               text5        00022A
__end_of_inicializaRC3_O                 text4        0002BC
__end_of_inicializaRC4_O                 text3        0002B6
__end_of_inicializaTimer2_PWM            text2        000286
__end_of_interrupcionAlta                intcode_body 0001B0
__end_of_interrupcionBaixa               intcodelo    000134
__end_of_main                            text0        000242
__initialization                         cinit        00025A
__mediumconst                            mediumconst  000000
__pbssCOMRAM                             bssCOMRAM    000028
__pcinit                                 cinit        00025A
__pcstackCOMRAM                          cstackCOMRAM 000001
__pintcode                               intcode      000008
__pintcode_body                          intcode_body 000138
__pintcodelo                             intcodelo    000018
__ptext0                                 text0        00022A
__ptext1                                 text1        0001B0
__ptext10                                text10       000286
__ptext11                                text11       0001E4
__ptext12                                text12       0002BC
__ptext13                                text13       0002C2
__ptext2                                 text2        000270
__ptext3                                 text3        0002B0
__ptext4                                 text4        0002B6
__ptext5                                 text5        00020E
__ptext6                                 text6        000242
__ptext7                                 text7        000292
__ptext8                                 text8        00029C
__ptext9                                 text9        0002A6
__ramtop                                 ramtop       000600
__size_of_inicializaAN0_I                (abs)        000000
__size_of_inicializaAN1_I                (abs)        000000
__size_of_inicializaAnalogicas           (abs)        000000
__size_of_inicializaGlobalRB_I_Int       (abs)        000000
__size_of_inicializaManipuladorMagnetico (abs)        000000
__size_of_inicializaRB0_I                (abs)        000000
__size_of_inicializaRB1_I                (abs)        000000
__size_of_inicializaRB2_I                (abs)        000000
__size_of_inicializaRC1_PWM              (abs)        000000
__size_of_inicializaRC2_PWM              (abs)        000000
__size_of_inicializaRC3_O                (abs)        000000
__size_of_inicializaRC4_O                (abs)        000000
__size_of_inicializaTimer2_PWM           (abs)        000000
__size_of_interrupcionAlta               (abs)        000000
__size_of_interrupcionBaixa              (abs)        000000
__size_of_main                           (abs)        000000
__smallconst                             smallconst   000000
_actual                                  bssCOMRAM    000028
_inicializaAN0_I                         text13       0002C2
_inicializaAN1_I                         text12       0002BC
_inicializaAnalogicas                    text11       0001E4
_inicializaGlobalRB_I_Int                text10       000286
_inicializaManipuladorMagnetico          text1        0001B0
_inicializaRB0_I                         text9        0002A6
_inicializaRB1_I                         text8        00029C
_inicializaRB2_I                         text7        000292
_inicializaRC1_PWM                       text6        000242
_inicializaRC2_PWM                       text5        00020E
_inicializaRC3_O                         text4        0002B6
_inicializaRC4_O                         text3        0002B0
_inicializaTimer2_PWM                    text2        000270
_interrupcionAlta                        intcode      000008
_interrupcionBaixa                       intcodelo    000018
_main                                    text0        00022A
_ultimaLectura0                          bssCOMRAM    00002A
_ultimaLectura1                          bssCOMRAM    00002C
btemp                                    temp         00002E
end_of_initialization                    cinit        000266
int$flags                                temp         00002E
int_func                                 intcode_body 000138
intlevel0                                text         000000
intlevel1                                text         000000
intlevel2                                text         000000
intlevel3                                text         000000
main@var1                                cstackCOMRAM 000024
main@var2                                cstackCOMRAM 000026
stackhi                                  (abs)        0005FF
stacklo                                  (abs)        000060
start                                    init         000134
start_initialization                     cinit        00025A


FUNCTION INFORMATION:

 *************** function _main *****************
 Defined at:
		line 45 in file "main.c"
 Parameters:    Size  Location     Type
		None
 Auto vars:     Size  Location     Type
  var2            2   37[COMRAM] short 
  var1            2   35[COMRAM] short 
 Return value:  Size  Location     Type
                  1    wreg      void 
 Registers used:
		wreg, status,2, cstack
 Tracked objects:
		On entry : 
		On exit  : 
		Unchanged: 
 Data sizes:     COMRAM   BANK0   BANK1   BANK2   BANK3   BANK4   BANK5
      Params:         0       0       0       0       0       0       0
      Locals:         4       0       0       0       0       0       0
      Temps:          0       0       0       0       0       0       0
      Totals:         4       0       0       0       0       0       0
Total ram usage:        4 bytes
 Hardware stack levels required when called:    4
 This function calls:
		_inicializaManipuladorMagnetico
 This function is called by:
		Startup code after reset
 This function uses a non-reentrant model


 *************** function _inicializaManipuladorMagnetico *****************
 Defined at:
		line 109 in file "Configuracion.c"
 Parameters:    Size  Location     Type
		None
 Auto vars:     Size  Location     Type
		None
 Return value:  Size  Location     Type
                  2   20[None  ] int 
 Registers used:
		wreg, status,2, cstack
 Tracked objects:
		On entry : 
		On exit  : 
		Unchanged: 
 Data sizes:     COMRAM   BANK0   BANK1   BANK2   BANK3   BANK4   BANK5
      Params:         0       0       0       0       0       0       0
      Locals:         0       0       0       0       0       0       0
      Temps:          0       0       0       0       0       0       0
      Totals:         0       0       0       0       0       0       0
Total ram usage:        0 bytes
 Hardware stack levels used:    1
 Hardware stack levels required when called:    3
 This function calls:
		_inicializaAN0_I
		_inicializaAN1_I
		_inicializaAnalogicas
		_inicializaGlobalRB_I_Int
		_inicializaRB0_I
		_inicializaRB1_I
		_inicializaRB2_I
		_inicializaRC1_PWM
		_inicializaRC2_PWM
		_inicializaRC3_O
		_inicializaRC4_O
		_inicializaTimer2_PWM
 This function is called by:
		_main
 This function uses a non-reentrant model


 *************** function _inicializaTimer2_PWM *****************
 Defined at:
		line 60 in file "Configuracion.c"
 Parameters:    Size  Location     Type
		None
 Auto vars:     Size  Location     Type
		None
 Return value:  Size  Location     Type
                  1    wreg      void 
 Registers used:
		wreg, status,2
 Tracked objects:
		On entry : 
		On exit  : 
		Unchanged: 
 Data sizes:     COMRAM   BANK0   BANK1   BANK2   BANK3   BANK4   BANK5
      Params:         0       0       0       0       0       0       0
      Locals:         0       0       0       0       0       0       0
      Temps:          0       0       0       0       0       0       0
      Totals:         0       0       0       0       0       0       0
Total ram usage:        0 bytes
 Hardware stack levels used:    1
 Hardware stack levels required when called:    2
 This function calls:
		Nothing
 This function is called by:
		_inicializaManipuladorMagnetico
 This function uses a non-reentrant model


 *************** function _inicializaRC4_O *****************
 Defined at:
		line 39 in file "Configuracion.c"
 Parameters:    Size  Location     Type
		None
 Auto vars:     Size  Location     Type
		None
 Return value:  Size  Location     Type
                  1    wreg      void 
 Registers used:
		None
 Tracked objects:
		On entry : 
		On exit  : 
		Unchanged: 
 Data sizes:     COMRAM   BANK0   BANK1   BANK2   BANK3   BANK4   BANK5
      Params:         0       0       0       0       0       0       0
      Locals:         0       0       0       0       0       0       0
      Temps:          0       0       0       0       0       0       0
      Totals:         0       0       0       0       0       0       0
Total ram usage:        0 bytes
 Hardware stack levels used:    1
 Hardware stack levels required when called:    2
 This function calls:
		Nothing
 This function is called by:
		_inicializaManipuladorMagnetico
 This function uses a non-reentrant model


 *************** function _inicializaRC3_O *****************
 Defined at:
		line 35 in file "Configuracion.c"
 Parameters:    Size  Location     Type
		None
 Auto vars:     Size  Location     Type
		None
 Return value:  Size  Location     Type
                  1    wreg      void 
 Registers used:
		None
 Tracked objects:
		On entry : 
		On exit  : 
		Unchanged: 
 Data sizes:     COMRAM   BANK0   BANK1   BANK2   BANK3   BANK4   BANK5
      Params:         0       0       0       0       0       0       0
      Locals:         0       0       0       0       0       0       0
      Temps:          0       0       0       0       0       0       0
      Totals:         0       0       0       0       0       0       0
Total ram usage:        0 bytes
 Hardware stack levels used:    1
 Hardware stack levels required when called:    2
 This function calls:
		Nothing
 This function is called by:
		_inicializaManipuladorMagnetico
 This function uses a non-reentrant model


 *************** function _inicializaRC2_PWM *****************
 Defined at:
		line 51 in file "Configuracion.c"
 Parameters:    Size  Location     Type
		None
 Auto vars:     Size  Location     Type
		None
 Return value:  Size  Location     Type
                  1    wreg      void 
 Registers used:
		wreg, status,2
 Tracked objects:
		On entry : 
		On exit  : 
		Unchanged: 
 Data sizes:     COMRAM   BANK0   BANK1   BANK2   BANK3   BANK4   BANK5
      Params:         0       0       0       0       0       0       0
      Locals:         0       0       0       0       0       0       0
      Temps:          0       0       0       0       0       0       0
      Totals:         0       0       0       0       0       0       0
Total ram usage:        0 bytes
 Hardware stack levels used:    1
 Hardware stack levels required when called:    2
 This function calls:
		Nothing
 This function is called by:
		_inicializaManipuladorMagnetico
 This function uses a non-reentrant model


 *************** function _inicializaRC1_PWM *****************
 Defined at:
		line 44 in file "Configuracion.c"
 Parameters:    Size  Location     Type
		None
 Auto vars:     Size  Location     Type
		None
 Return value:  Size  Location     Type
                  1    wreg      void 
 Registers used:
		wreg, status,2
 Tracked objects:
		On entry : 
		On exit  : 
		Unchanged: 
 Data sizes:     COMRAM   BANK0   BANK1   BANK2   BANK3   BANK4   BANK5
      Params:         0       0       0       0       0       0       0
      Locals:         0       0       0       0       0       0       0
      Temps:          0       0       0       0       0       0       0
      Totals:         0       0       0       0       0       0       0
Total ram usage:        0 bytes
 Hardware stack levels used:    1
 Hardware stack levels required when called:    2
 This function calls:
		Nothing
 This function is called by:
		_inicializaManipuladorMagnetico
 This function uses a non-reentrant model


 *************** function _inicializaRB2_I *****************
 Defined at:
		line 27 in file "Configuracion.c"
 Parameters:    Size  Location     Type
		None
 Auto vars:     Size  Location     Type
		None
 Return value:  Size  Location     Type
                  1    wreg      void 
 Registers used:
		None
 Tracked objects:
		On entry : 
		On exit  : 
		Unchanged: 
 Data sizes:     COMRAM   BANK0   BANK1   BANK2   BANK3   BANK4   BANK5
      Params:         0       0       0       0       0       0       0
      Locals:         0       0       0       0       0       0       0
      Temps:          0       0       0       0       0       0       0
      Totals:         0       0       0       0       0       0       0
Total ram usage:        0 bytes
 Hardware stack levels used:    1
 Hardware stack levels required when called:    2
 This function calls:
		Nothing
 This function is called by:
		_inicializaManipuladorMagnetico
 This function uses a non-reentrant model


 *************** function _inicializaRB1_I *****************
 Defined at:
		line 20 in file "Configuracion.c"
 Parameters:    Size  Location     Type
		None
 Auto vars:     Size  Location     Type
		None
 Return value:  Size  Location     Type
                  1    wreg      void 
 Registers used:
		None
 Tracked objects:
		On entry : 
		On exit  : 
		Unchanged: 
 Data sizes:     COMRAM   BANK0   BANK1   BANK2   BANK3   BANK4   BANK5
      Params:         0       0       0       0       0       0       0
      Locals:         0       0       0       0       0       0       0
      Temps:          0       0       0       0       0       0       0
      Totals:         0       0       0       0       0       0       0
Total ram usage:        0 bytes
 Hardware stack levels used:    1
 Hardware stack levels required when called:    2
 This function calls:
		Nothing
 This function is called by:
		_inicializaManipuladorMagnetico
 This function uses a non-reentrant model


 *************** function _inicializaRB0_I *****************
 Defined at:
		line 13 in file "Configuracion.c"
 Parameters:    Size  Location     Type
		None
 Auto vars:     Size  Location     Type
		None
 Return value:  Size  Location     Type
                  1    wreg      void 
 Registers used:
		None
 Tracked objects:
		On entry : 
		On exit  : 
		Unchanged: 
 Data sizes:     COMRAM   BANK0   BANK1   BANK2   BANK3   BANK4   BANK5
      Params:         0       0       0       0       0       0       0
      Locals:         0       0       0       0       0       0       0
      Temps:          0       0       0       0       0       0       0
      Totals:         0       0       0       0       0       0       0
Total ram usage:        0 bytes
 Hardware stack levels used:    1
 Hardware stack levels required when called:    2
 This function calls:
		Nothing
 This function is called by:
		_inicializaManipuladorMagnetico
 This function uses a non-reentrant model


 *************** function _inicializaGlobalRB_I_Int *****************
 Defined at:
		line 4 in file "Configuracion.c"
 Parameters:    Size  Location     Type
		None
 Auto vars:     Size  Location     Type
		None
 Return value:  Size  Location     Type
                  1    wreg      void 
 Registers used:
		wreg, status,2
 Tracked objects:
		On entry : 
		On exit  : 
		Unchanged: 
 Data sizes:     COMRAM   BANK0   BANK1   BANK2   BANK3   BANK4   BANK5
      Params:         0       0       0       0       0       0       0
      Locals:         0       0       0       0       0       0       0
      Temps:          0       0       0       0       0       0       0
      Totals:         0       0       0       0       0       0       0
Total ram usage:        0 bytes
 Hardware stack levels used:    1
 Hardware stack levels required when called:    2
 This function calls:
		Nothing
 This function is called by:
		_inicializaManipuladorMagnetico
 This function uses a non-reentrant model


 *************** function _inicializaAnalogicas *****************
 Defined at:
		line 82 in file "Configuracion.c"
 Parameters:    Size  Location     Type
		None
 Auto vars:     Size  Location     Type
		None
 Return value:  Size  Location     Type
                  1    wreg      void 
 Registers used:
		wreg, status,2
 Tracked objects:
		On entry : 
		On exit  : 
		Unchanged: 
 Data sizes:     COMRAM   BANK0   BANK1   BANK2   BANK3   BANK4   BANK5
      Params:         0       0       0       0       0       0       0
      Locals:         0       0       0       0       0       0       0
      Temps:          0       0       0       0       0       0       0
      Totals:         0       0       0       0       0       0       0
Total ram usage:        0 bytes
 Hardware stack levels used:    1
 Hardware stack levels required when called:    2
 This function calls:
		Nothing
 This function is called by:
		_inicializaManipuladorMagnetico
 This function uses a non-reentrant model


 *************** function _inicializaAN1_I *****************
 Defined at:
		line 78 in file "Configuracion.c"
 Parameters:    Size  Location     Type
		None
 Auto vars:     Size  Location     Type
		None
 Return value:  Size  Location     Type
                  1    wreg      void 
 Registers used:
		None
 Tracked objects:
		On entry : 
		On exit  : 
		Unchanged: 
 Data sizes:     COMRAM   BANK0   BANK1   BANK2   BANK3   BANK4   BANK5
      Params:         0       0       0       0       0       0       0
      Locals:         0       0       0       0       0       0       0
      Temps:          0       0       0       0       0       0       0
      Totals:         0       0       0       0       0       0       0
Total ram usage:        0 bytes
 Hardware stack levels used:    1
 Hardware stack levels required when called:    2
 This function calls:
		Nothing
 This function is called by:
		_inicializaManipuladorMagnetico
 This function uses a non-reentrant model


 *************** function _inicializaAN0_I *****************
 Defined at:
		line 74 in file "Configuracion.c"
 Parameters:    Size  Location     Type
		None
 Auto vars:     Size  Location     Type
		None
 Return value:  Size  Location     Type
                  1    wreg      void 
 Registers used:
		None
 Tracked objects:
		On entry : 
		On exit  : 
		Unchanged: 
 Data sizes:     COMRAM   BANK0   BANK1   BANK2   BANK3   BANK4   BANK5
      Params:         0       0       0       0       0       0       0
      Locals:         0       0       0       0       0       0       0
      Temps:          0       0       0       0       0       0       0
      Totals:         0       0       0       0       0       0       0
Total ram usage:        0 bytes
 Hardware stack levels used:    1
 Hardware stack levels required when called:    2
 This function calls:
		Nothing
 This function is called by:
		_inicializaManipuladorMagnetico
 This function uses a non-reentrant model


 *************** function _interrupcionBaixa *****************
 Defined at:
		line 24 in file "main.c"
 Parameters:    Size  Location     Type
		None
 Auto vars:     Size  Location     Type
		None
 Return value:  Size  Location     Type
                  1    wreg      void 
 Registers used:
		wreg, status,2, status,0
 Tracked objects:
		On entry : 
		On exit  : 
		Unchanged: 
 Data sizes:     COMRAM   BANK0   BANK1   BANK2   BANK3   BANK4   BANK5
      Params:         0       0       0       0       0       0       0
      Locals:         0       0       0       0       0       0       0
      Temps:         21       0       0       0       0       0       0
      Totals:        21       0       0       0       0       0       0
Total ram usage:       21 bytes
 Hardware stack levels used:    1
 Hardware stack levels required when called:    1
 This function calls:
		Nothing
 This function is called by:
		Interrupt level 1
 This function uses a non-reentrant model


 *************** function _interrupcionAlta *****************
 Defined at:
		line 13 in file "main.c"
 Parameters:    Size  Location     Type
		None
 Auto vars:     Size  Location     Type
		None
 Return value:  Size  Location     Type
                  1    wreg      void 
 Registers used:
		None
 Tracked objects:
		On entry : 
		On exit  : 
		Unchanged: 
 Data sizes:     COMRAM   BANK0   BANK1   BANK2   BANK3   BANK4   BANK5
      Params:         0       0       0       0       0       0       0
      Locals:         0       0       0       0       0       0       0
      Temps:         14       0       0       0       0       0       0
      Totals:        14       0       0       0       0       0       0
Total ram usage:       14 bytes
 Hardware stack levels used:    1
 This function calls:
		Nothing
 This function is called by:
		Interrupt level 2
 This function uses a non-reentrant model



MODULE INFORMATION

Module		Function		Class		Link	Load	Size
Configuracion.c
		_inicializaRC1_PWM		CODE           	0242	0000	25
		_inicializaRC2_PWM		CODE           	020E	0000	29
		_inicializaGlobalRB_I_Int		CODE           	0286	0000	13
		_inicializaTimer2_PWM		CODE           	0270	0000	23
		_inicializaRB0_I		CODE           	02A6	0000	11
		_inicializaRB1_I		CODE           	029C	0000	11
		_inicializaAN0_I		CODE           	02C2	0000	7
		_inicializaRB2_I		CODE           	0292	0000	11
		_inicializaAN1_I		CODE           	02BC	0000	7
		_inicializaManipuladorMagnetico		CODE           	01B0	0000	53
		_inicializaRC3_O		CODE           	02B6	0000	7
		_inicializaRC4_O		CODE           	02B0	0000	7
		_inicializaAnalogicas		CODE           	01E4	0000	43

Configuracion.c estimated size: 247

shared
		__initialization		CODE           	025A	0000	13

shared estimated size: 13

main.c
		_main          		CODE           	022A	0000	25
		_interrupcionAlta		CODE           	0008	0000	135
		_interrupcionBaixa		CODE           	0018	0000	285

main.c estimated size: 445

